// Jest Snapshot v1, https://goo.gl/fbAQLP

exports[`Availability should match the snapshot 1`] = `
ShallowWrapper {
  "length": 1,
  Symbol(enzyme.__root__): [Circular],
  Symbol(enzyme.__unrendered__): <Availability />,
  Symbol(enzyme.__renderer__): Object {
    "batchedUpdates": [Function],
    "getNode": [Function],
    "render": [Function],
    "simulateEvent": [Function],
    "unmount": [Function],
  },
  Symbol(enzyme.__node__): Object {
    "instance": null,
    "key": undefined,
    "nodeType": "host",
    "props": Object {
      "children": Array [
        <h2>
          Select days you are unavailable
</h2>,
        <DayPicker
          canChangeMonth={true}
          captionElement={
                    <Caption
                              classNames={
                                        Object {
                                                  "body": "DayPicker-Body",
                                                  "caption": "DayPicker-Caption",
                                                  "container": "DayPicker",
                                                  "day": "DayPicker-Day",
                                                  "disabled": "disabled",
                                                  "footer": "DayPicker-Footer",
                                                  "interactionDisabled": "DayPicker--interactionDisabled",
                                                  "month": "DayPicker-Month",
                                                  "months": "DayPicker-Months",
                                                  "navBar": "DayPicker-NavBar",
                                                  "navButtonInteractionDisabled": "DayPicker-NavButton--interactionDisabled",
                                                  "navButtonNext": "DayPicker-NavButton DayPicker-NavButton--next",
                                                  "navButtonPrev": "DayPicker-NavButton DayPicker-NavButton--prev",
                                                  "outside": "outside",
                                                  "selected": "selected",
                                                  "today": "today",
                                                  "todayButton": "DayPicker-TodayButton",
                                                  "week": "DayPicker-Week",
                                                  "weekNumber": "DayPicker-WeekNumber",
                                                  "weekday": "DayPicker-Weekday",
                                                  "weekdays": "DayPicker-Weekdays",
                                                  "weekdaysRow": "DayPicker-WeekdaysRow",
                                                  "wrapper": "DayPicker-wrapper",
                                                }
                              }
                              localeUtils={
                                        Object {
                                                  "formatDay": [Function],
                                                  "formatMonthTitle": [Function],
                                                  "formatWeekdayLong": [Function],
                                                  "formatWeekdayShort": [Function],
                                                  "getFirstDayOfWeek": [Function],
                                                  "getMonths": [Function],
                                                }
                              }
                    />
          }
          classNames={
                    Object {
                              "body": "DayPicker-Body",
                              "caption": "DayPicker-Caption",
                              "container": "DayPicker",
                              "day": "DayPicker-Day",
                              "disabled": "disabled",
                              "footer": "DayPicker-Footer",
                              "interactionDisabled": "DayPicker--interactionDisabled",
                              "month": "DayPicker-Month",
                              "months": "DayPicker-Months",
                              "navBar": "DayPicker-NavBar",
                              "navButtonInteractionDisabled": "DayPicker-NavButton--interactionDisabled",
                              "navButtonNext": "DayPicker-NavButton DayPicker-NavButton--next",
                              "navButtonPrev": "DayPicker-NavButton DayPicker-NavButton--prev",
                              "outside": "outside",
                              "selected": "selected",
                              "today": "today",
                              "todayButton": "DayPicker-TodayButton",
                              "week": "DayPicker-Week",
                              "weekNumber": "DayPicker-WeekNumber",
                              "weekday": "DayPicker-Weekday",
                              "weekdays": "DayPicker-Weekdays",
                              "weekdaysRow": "DayPicker-WeekdaysRow",
                              "wrapper": "DayPicker-wrapper",
                            }
          }
          enableOutsideDaysClick={true}
          fixedWeeks={false}
          initialMonth={2018-06-18T17:24:26.412Z}
          labels={
                    Object {
                              "nextMonth": "Next Month",
                              "previousMonth": "Previous Month",
                            }
          }
          locale="en"
          localeUtils={
                    Object {
                              "default": Object {
                                "formatDay": [Function],
                                "formatMonthTitle": [Function],
                                "formatWeekdayLong": [Function],
                                "formatWeekdayShort": [Function],
                                "getFirstDayOfWeek": [Function],
                                "getMonths": [Function],
                              },
                              "formatDay": [Function],
                              "formatMonthTitle": [Function],
                              "formatWeekdayLong": [Function],
                              "formatWeekdayShort": [Function],
                              "getFirstDayOfWeek": [Function],
                              "getMonths": [Function],
                            }
          }
          navbarElement={
                    <Navbar
                              classNames={
                                        Object {
                                                  "body": "DayPicker-Body",
                                                  "caption": "DayPicker-Caption",
                                                  "container": "DayPicker",
                                                  "day": "DayPicker-Day",
                                                  "disabled": "disabled",
                                                  "footer": "DayPicker-Footer",
                                                  "interactionDisabled": "DayPicker--interactionDisabled",
                                                  "month": "DayPicker-Month",
                                                  "months": "DayPicker-Months",
                                                  "navBar": "DayPicker-NavBar",
                                                  "navButtonInteractionDisabled": "DayPicker-NavButton--interactionDisabled",
                                                  "navButtonNext": "DayPicker-NavButton DayPicker-NavButton--next",
                                                  "navButtonPrev": "DayPicker-NavButton DayPicker-NavButton--prev",
                                                  "outside": "outside",
                                                  "selected": "selected",
                                                  "today": "today",
                                                  "todayButton": "DayPicker-TodayButton",
                                                  "week": "DayPicker-Week",
                                                  "weekNumber": "DayPicker-WeekNumber",
                                                  "weekday": "DayPicker-Weekday",
                                                  "weekdays": "DayPicker-Weekdays",
                                                  "weekdaysRow": "DayPicker-WeekdaysRow",
                                                  "wrapper": "DayPicker-wrapper",
                                                }
                              }
                              dir="ltr"
                              labels={
                                        Object {
                                                  "nextMonth": "Next Month",
                                                  "previousMonth": "Previous Month",
                                                }
                              }
                              showNextButton={true}
                              showPreviousButton={true}
                    />
          }
          numberOfMonths={1}
          onDayClick={[Function]}
          pagedNavigation={false}
          renderDay={[Function]}
          renderWeek={[Function]}
          reverseMonths={false}
          selectedDays={Array []}
          showOutsideDays={false}
          showWeekDays={true}
          showWeekNumbers={false}
          tabIndex={0}
          weekdayElement={<Weekday />}
/>,
        <button
          onClick={[Function]}
>
          Submit Availability
</button>,
      ],
    },
    "ref": null,
    "rendered": Array [
      Object {
        "instance": null,
        "key": undefined,
        "nodeType": "host",
        "props": Object {
          "children": "Select days you are unavailable",
        },
        "ref": null,
        "rendered": "Select days you are unavailable",
        "type": "h2",
      },
      Object {
        "instance": null,
        "key": undefined,
        "nodeType": "class",
        "props": Object {
          "canChangeMonth": true,
          "captionElement": <Caption
            classNames={
                        Object {
                                    "body": "DayPicker-Body",
                                    "caption": "DayPicker-Caption",
                                    "container": "DayPicker",
                                    "day": "DayPicker-Day",
                                    "disabled": "disabled",
                                    "footer": "DayPicker-Footer",
                                    "interactionDisabled": "DayPicker--interactionDisabled",
                                    "month": "DayPicker-Month",
                                    "months": "DayPicker-Months",
                                    "navBar": "DayPicker-NavBar",
                                    "navButtonInteractionDisabled": "DayPicker-NavButton--interactionDisabled",
                                    "navButtonNext": "DayPicker-NavButton DayPicker-NavButton--next",
                                    "navButtonPrev": "DayPicker-NavButton DayPicker-NavButton--prev",
                                    "outside": "outside",
                                    "selected": "selected",
                                    "today": "today",
                                    "todayButton": "DayPicker-TodayButton",
                                    "week": "DayPicker-Week",
                                    "weekNumber": "DayPicker-WeekNumber",
                                    "weekday": "DayPicker-Weekday",
                                    "weekdays": "DayPicker-Weekdays",
                                    "weekdaysRow": "DayPicker-WeekdaysRow",
                                    "wrapper": "DayPicker-wrapper",
                                  }
            }
            localeUtils={
                        Object {
                                    "formatDay": [Function],
                                    "formatMonthTitle": [Function],
                                    "formatWeekdayLong": [Function],
                                    "formatWeekdayShort": [Function],
                                    "getFirstDayOfWeek": [Function],
                                    "getMonths": [Function],
                                  }
            }
/>,
          "classNames": Object {
            "body": "DayPicker-Body",
            "caption": "DayPicker-Caption",
            "container": "DayPicker",
            "day": "DayPicker-Day",
            "disabled": "disabled",
            "footer": "DayPicker-Footer",
            "interactionDisabled": "DayPicker--interactionDisabled",
            "month": "DayPicker-Month",
            "months": "DayPicker-Months",
            "navBar": "DayPicker-NavBar",
            "navButtonInteractionDisabled": "DayPicker-NavButton--interactionDisabled",
            "navButtonNext": "DayPicker-NavButton DayPicker-NavButton--next",
            "navButtonPrev": "DayPicker-NavButton DayPicker-NavButton--prev",
            "outside": "outside",
            "selected": "selected",
            "today": "today",
            "todayButton": "DayPicker-TodayButton",
            "week": "DayPicker-Week",
            "weekNumber": "DayPicker-WeekNumber",
            "weekday": "DayPicker-Weekday",
            "weekdays": "DayPicker-Weekdays",
            "weekdaysRow": "DayPicker-WeekdaysRow",
            "wrapper": "DayPicker-wrapper",
          },
          "enableOutsideDaysClick": true,
          "fixedWeeks": false,
          "initialMonth": 2018-06-18T17:24:26.412Z,
          "labels": Object {
            "nextMonth": "Next Month",
            "previousMonth": "Previous Month",
          },
          "locale": "en",
          "localeUtils": Object {
            "default": Object {
              "formatDay": [Function],
              "formatMonthTitle": [Function],
              "formatWeekdayLong": [Function],
              "formatWeekdayShort": [Function],
              "getFirstDayOfWeek": [Function],
              "getMonths": [Function],
            },
            "formatDay": [Function],
            "formatMonthTitle": [Function],
            "formatWeekdayLong": [Function],
            "formatWeekdayShort": [Function],
            "getFirstDayOfWeek": [Function],
            "getMonths": [Function],
          },
          "navbarElement": <Navbar
            classNames={
                        Object {
                                    "body": "DayPicker-Body",
                                    "caption": "DayPicker-Caption",
                                    "container": "DayPicker",
                                    "day": "DayPicker-Day",
                                    "disabled": "disabled",
                                    "footer": "DayPicker-Footer",
                                    "interactionDisabled": "DayPicker--interactionDisabled",
                                    "month": "DayPicker-Month",
                                    "months": "DayPicker-Months",
                                    "navBar": "DayPicker-NavBar",
                                    "navButtonInteractionDisabled": "DayPicker-NavButton--interactionDisabled",
                                    "navButtonNext": "DayPicker-NavButton DayPicker-NavButton--next",
                                    "navButtonPrev": "DayPicker-NavButton DayPicker-NavButton--prev",
                                    "outside": "outside",
                                    "selected": "selected",
                                    "today": "today",
                                    "todayButton": "DayPicker-TodayButton",
                                    "week": "DayPicker-Week",
                                    "weekNumber": "DayPicker-WeekNumber",
                                    "weekday": "DayPicker-Weekday",
                                    "weekdays": "DayPicker-Weekdays",
                                    "weekdaysRow": "DayPicker-WeekdaysRow",
                                    "wrapper": "DayPicker-wrapper",
                                  }
            }
            dir="ltr"
            labels={
                        Object {
                                    "nextMonth": "Next Month",
                                    "previousMonth": "Previous Month",
                                  }
            }
            showNextButton={true}
            showPreviousButton={true}
/>,
          "numberOfMonths": 1,
          "onDayClick": [Function],
          "pagedNavigation": false,
          "renderDay": [Function],
          "renderWeek": [Function],
          "reverseMonths": false,
          "selectedDays": Array [],
          "showOutsideDays": false,
          "showWeekDays": true,
          "showWeekNumbers": false,
          "tabIndex": 0,
          "weekdayElement": <Weekday />,
        },
        "ref": null,
        "rendered": null,
        "type": [Function],
      },
      Object {
        "instance": null,
        "key": undefined,
        "nodeType": "host",
        "props": Object {
          "children": "Submit Availability",
          "onClick": [Function],
        },
        "ref": null,
        "rendered": "Submit Availability",
        "type": "button",
      },
    ],
    "type": "div",
  },
  Symbol(enzyme.__nodes__): Array [
    Object {
      "instance": null,
      "key": undefined,
      "nodeType": "host",
      "props": Object {
        "children": Array [
          <h2>
            Select days you are unavailable
</h2>,
          <DayPicker
            canChangeMonth={true}
            captionElement={
                        <Caption
                                    classNames={
                                                Object {
                                                            "body": "DayPicker-Body",
                                                            "caption": "DayPicker-Caption",
                                                            "container": "DayPicker",
                                                            "day": "DayPicker-Day",
                                                            "disabled": "disabled",
                                                            "footer": "DayPicker-Footer",
                                                            "interactionDisabled": "DayPicker--interactionDisabled",
                                                            "month": "DayPicker-Month",
                                                            "months": "DayPicker-Months",
                                                            "navBar": "DayPicker-NavBar",
                                                            "navButtonInteractionDisabled": "DayPicker-NavButton--interactionDisabled",
                                                            "navButtonNext": "DayPicker-NavButton DayPicker-NavButton--next",
                                                            "navButtonPrev": "DayPicker-NavButton DayPicker-NavButton--prev",
                                                            "outside": "outside",
                                                            "selected": "selected",
                                                            "today": "today",
                                                            "todayButton": "DayPicker-TodayButton",
                                                            "week": "DayPicker-Week",
                                                            "weekNumber": "DayPicker-WeekNumber",
                                                            "weekday": "DayPicker-Weekday",
                                                            "weekdays": "DayPicker-Weekdays",
                                                            "weekdaysRow": "DayPicker-WeekdaysRow",
                                                            "wrapper": "DayPicker-wrapper",
                                                          }
                                    }
                                    localeUtils={
                                                Object {
                                                            "formatDay": [Function],
                                                            "formatMonthTitle": [Function],
                                                            "formatWeekdayLong": [Function],
                                                            "formatWeekdayShort": [Function],
                                                            "getFirstDayOfWeek": [Function],
                                                            "getMonths": [Function],
                                                          }
                                    }
                        />
            }
            classNames={
                        Object {
                                    "body": "DayPicker-Body",
                                    "caption": "DayPicker-Caption",
                                    "container": "DayPicker",
                                    "day": "DayPicker-Day",
                                    "disabled": "disabled",
                                    "footer": "DayPicker-Footer",
                                    "interactionDisabled": "DayPicker--interactionDisabled",
                                    "month": "DayPicker-Month",
                                    "months": "DayPicker-Months",
                                    "navBar": "DayPicker-NavBar",
                                    "navButtonInteractionDisabled": "DayPicker-NavButton--interactionDisabled",
                                    "navButtonNext": "DayPicker-NavButton DayPicker-NavButton--next",
                                    "navButtonPrev": "DayPicker-NavButton DayPicker-NavButton--prev",
                                    "outside": "outside",
                                    "selected": "selected",
                                    "today": "today",
                                    "todayButton": "DayPicker-TodayButton",
                                    "week": "DayPicker-Week",
                                    "weekNumber": "DayPicker-WeekNumber",
                                    "weekday": "DayPicker-Weekday",
                                    "weekdays": "DayPicker-Weekdays",
                                    "weekdaysRow": "DayPicker-WeekdaysRow",
                                    "wrapper": "DayPicker-wrapper",
                                  }
            }
            enableOutsideDaysClick={true}
            fixedWeeks={false}
            initialMonth={2018-06-18T17:24:26.412Z}
            labels={
                        Object {
                                    "nextMonth": "Next Month",
                                    "previousMonth": "Previous Month",
                                  }
            }
            locale="en"
            localeUtils={
                        Object {
                                    "default": Object {
                                      "formatDay": [Function],
                                      "formatMonthTitle": [Function],
                                      "formatWeekdayLong": [Function],
                                      "formatWeekdayShort": [Function],
                                      "getFirstDayOfWeek": [Function],
                                      "getMonths": [Function],
                                    },
                                    "formatDay": [Function],
                                    "formatMonthTitle": [Function],
                                    "formatWeekdayLong": [Function],
                                    "formatWeekdayShort": [Function],
                                    "getFirstDayOfWeek": [Function],
                                    "getMonths": [Function],
                                  }
            }
            navbarElement={
                        <Navbar
                                    classNames={
                                                Object {
                                                            "body": "DayPicker-Body",
                                                            "caption": "DayPicker-Caption",
                                                            "container": "DayPicker",
                                                            "day": "DayPicker-Day",
                                                            "disabled": "disabled",
                                                            "footer": "DayPicker-Footer",
                                                            "interactionDisabled": "DayPicker--interactionDisabled",
                                                            "month": "DayPicker-Month",
                                                            "months": "DayPicker-Months",
                                                            "navBar": "DayPicker-NavBar",
                                                            "navButtonInteractionDisabled": "DayPicker-NavButton--interactionDisabled",
                                                            "navButtonNext": "DayPicker-NavButton DayPicker-NavButton--next",
                                                            "navButtonPrev": "DayPicker-NavButton DayPicker-NavButton--prev",
                                                            "outside": "outside",
                                                            "selected": "selected",
                                                            "today": "today",
                                                            "todayButton": "DayPicker-TodayButton",
                                                            "week": "DayPicker-Week",
                                                            "weekNumber": "DayPicker-WeekNumber",
                                                            "weekday": "DayPicker-Weekday",
                                                            "weekdays": "DayPicker-Weekdays",
                                                            "weekdaysRow": "DayPicker-WeekdaysRow",
                                                            "wrapper": "DayPicker-wrapper",
                                                          }
                                    }
                                    dir="ltr"
                                    labels={
                                                Object {
                                                            "nextMonth": "Next Month",
                                                            "previousMonth": "Previous Month",
                                                          }
                                    }
                                    showNextButton={true}
                                    showPreviousButton={true}
                        />
            }
            numberOfMonths={1}
            onDayClick={[Function]}
            pagedNavigation={false}
            renderDay={[Function]}
            renderWeek={[Function]}
            reverseMonths={false}
            selectedDays={Array []}
            showOutsideDays={false}
            showWeekDays={true}
            showWeekNumbers={false}
            tabIndex={0}
            weekdayElement={<Weekday />}
/>,
          <button
            onClick={[Function]}
>
            Submit Availability
</button>,
        ],
      },
      "ref": null,
      "rendered": Array [
        Object {
          "instance": null,
          "key": undefined,
          "nodeType": "host",
          "props": Object {
            "children": "Select days you are unavailable",
          },
          "ref": null,
          "rendered": "Select days you are unavailable",
          "type": "h2",
        },
        Object {
          "instance": null,
          "key": undefined,
          "nodeType": "class",
          "props": Object {
            "canChangeMonth": true,
            "captionElement": <Caption
              classNames={
                            Object {
                                          "body": "DayPicker-Body",
                                          "caption": "DayPicker-Caption",
                                          "container": "DayPicker",
                                          "day": "DayPicker-Day",
                                          "disabled": "disabled",
                                          "footer": "DayPicker-Footer",
                                          "interactionDisabled": "DayPicker--interactionDisabled",
                                          "month": "DayPicker-Month",
                                          "months": "DayPicker-Months",
                                          "navBar": "DayPicker-NavBar",
                                          "navButtonInteractionDisabled": "DayPicker-NavButton--interactionDisabled",
                                          "navButtonNext": "DayPicker-NavButton DayPicker-NavButton--next",
                                          "navButtonPrev": "DayPicker-NavButton DayPicker-NavButton--prev",
                                          "outside": "outside",
                                          "selected": "selected",
                                          "today": "today",
                                          "todayButton": "DayPicker-TodayButton",
                                          "week": "DayPicker-Week",
                                          "weekNumber": "DayPicker-WeekNumber",
                                          "weekday": "DayPicker-Weekday",
                                          "weekdays": "DayPicker-Weekdays",
                                          "weekdaysRow": "DayPicker-WeekdaysRow",
                                          "wrapper": "DayPicker-wrapper",
                                        }
              }
              localeUtils={
                            Object {
                                          "formatDay": [Function],
                                          "formatMonthTitle": [Function],
                                          "formatWeekdayLong": [Function],
                                          "formatWeekdayShort": [Function],
                                          "getFirstDayOfWeek": [Function],
                                          "getMonths": [Function],
                                        }
              }
/>,
            "classNames": Object {
              "body": "DayPicker-Body",
              "caption": "DayPicker-Caption",
              "container": "DayPicker",
              "day": "DayPicker-Day",
              "disabled": "disabled",
              "footer": "DayPicker-Footer",
              "interactionDisabled": "DayPicker--interactionDisabled",
              "month": "DayPicker-Month",
              "months": "DayPicker-Months",
              "navBar": "DayPicker-NavBar",
              "navButtonInteractionDisabled": "DayPicker-NavButton--interactionDisabled",
              "navButtonNext": "DayPicker-NavButton DayPicker-NavButton--next",
              "navButtonPrev": "DayPicker-NavButton DayPicker-NavButton--prev",
              "outside": "outside",
              "selected": "selected",
              "today": "today",
              "todayButton": "DayPicker-TodayButton",
              "week": "DayPicker-Week",
              "weekNumber": "DayPicker-WeekNumber",
              "weekday": "DayPicker-Weekday",
              "weekdays": "DayPicker-Weekdays",
              "weekdaysRow": "DayPicker-WeekdaysRow",
              "wrapper": "DayPicker-wrapper",
            },
            "enableOutsideDaysClick": true,
            "fixedWeeks": false,
            "initialMonth": 2018-06-18T17:24:26.412Z,
            "labels": Object {
              "nextMonth": "Next Month",
              "previousMonth": "Previous Month",
            },
            "locale": "en",
            "localeUtils": Object {
              "default": Object {
                "formatDay": [Function],
                "formatMonthTitle": [Function],
                "formatWeekdayLong": [Function],
                "formatWeekdayShort": [Function],
                "getFirstDayOfWeek": [Function],
                "getMonths": [Function],
              },
              "formatDay": [Function],
              "formatMonthTitle": [Function],
              "formatWeekdayLong": [Function],
              "formatWeekdayShort": [Function],
              "getFirstDayOfWeek": [Function],
              "getMonths": [Function],
            },
            "navbarElement": <Navbar
              classNames={
                            Object {
                                          "body": "DayPicker-Body",
                                          "caption": "DayPicker-Caption",
                                          "container": "DayPicker",
                                          "day": "DayPicker-Day",
                                          "disabled": "disabled",
                                          "footer": "DayPicker-Footer",
                                          "interactionDisabled": "DayPicker--interactionDisabled",
                                          "month": "DayPicker-Month",
                                          "months": "DayPicker-Months",
                                          "navBar": "DayPicker-NavBar",
                                          "navButtonInteractionDisabled": "DayPicker-NavButton--interactionDisabled",
                                          "navButtonNext": "DayPicker-NavButton DayPicker-NavButton--next",
                                          "navButtonPrev": "DayPicker-NavButton DayPicker-NavButton--prev",
                                          "outside": "outside",
                                          "selected": "selected",
                                          "today": "today",
                                          "todayButton": "DayPicker-TodayButton",
                                          "week": "DayPicker-Week",
                                          "weekNumber": "DayPicker-WeekNumber",
                                          "weekday": "DayPicker-Weekday",
                                          "weekdays": "DayPicker-Weekdays",
                                          "weekdaysRow": "DayPicker-WeekdaysRow",
                                          "wrapper": "DayPicker-wrapper",
                                        }
              }
              dir="ltr"
              labels={
                            Object {
                                          "nextMonth": "Next Month",
                                          "previousMonth": "Previous Month",
                                        }
              }
              showNextButton={true}
              showPreviousButton={true}
/>,
            "numberOfMonths": 1,
            "onDayClick": [Function],
            "pagedNavigation": false,
            "renderDay": [Function],
            "renderWeek": [Function],
            "reverseMonths": false,
            "selectedDays": Array [],
            "showOutsideDays": false,
            "showWeekDays": true,
            "showWeekNumbers": false,
            "tabIndex": 0,
            "weekdayElement": <Weekday />,
          },
          "ref": null,
          "rendered": null,
          "type": [Function],
        },
        Object {
          "instance": null,
          "key": undefined,
          "nodeType": "host",
          "props": Object {
            "children": "Submit Availability",
            "onClick": [Function],
          },
          "ref": null,
          "rendered": "Submit Availability",
          "type": "button",
        },
      ],
      "type": "div",
    },
  ],
  Symbol(enzyme.__options__): Object {
    "adapter": ReactSixteenAdapter {
      "options": Object {
        "enableComponentDidUpdateOnSetState": true,
      },
    },
  },
}
`;
